namespace = "Compile"
expectation = "Pass"
outputs = [[{ compile = [{ initial_ast = "58135ff261cc746b5900469ced400c8dce6e30f753a4ab6b0b93cf928119b9e4", unrolled_ast = "298c03892360a8ceb8e9a5209eca649c64f0fdf27b9affbdfc3aff3e60808a1f", ssa_ast = "1a4528a956106400bd4da863b064f9d4bb2a40eeb60c50aba31d08e38f85948f", flattened_ast = "1670638977c12d5f29453b038b6c9390de50ecdd577838fe7e95e44af3c09c83", destructured_ast = "641d1e5da60578d412c420923a2c2fdc937ebf59ae344925b9e456812a0f14a3", inlined_ast = "641d1e5da60578d412c420923a2c2fdc937ebf59ae344925b9e456812a0f14a3", dce_ast = "fbc41309658507cb21b6f31a5fc50a92a0ff67416e5e64ce8eca9835e1a4a0f0", bytecode = """
program test.aleo;

function baz:
    input r0 as u8.private;
    input r1 as u16.private;
    output 2u8 as u8.private;
""", errors = "", warnings = "" }] }]]
