namespace = "Parse"
expectation = "Fail"
outputs = ["""
Error [EPAR0370005]: expected 'address', 'bool', 'field', 'Future', 'group', 'scalar', 'signature', 'string', 'i8', 'i16', 'i32', 'i64', 'i128', 'u8', 'u16', 'u32', 'u64', 'u128' -- found 'mapping'
    --> test:7:16
     |
   7 |         let a: mapping = relay.aleo/users;
     |                ^^^^^^^"""]
