namespace = "Parse"
expectation = "Fail"
outputs = ["""
Error [EPAR0370013]: Expected a closed string but found `}
`."""]
