namespace = "Compile"
expectation = "Pass"
outputs = [[{ compile = [{ initial_ast = "dc8053afd958f2b06f02249a810f2dfdbb9746464b5ba27f1b430abf07d3cbd8", unrolled_ast = "062d5d8a398570c536b9ec707d52fd88655c8484348e6d5b1aec036413d3f0db", ssa_ast = "91bea5079e52f4cfa3b61f7a49d6fd9128a3f37581807ea5bbb8d3d96105503f", flattened_ast = "281a9a2355f018811e5ae820bbb9bceb3108b68ae9066d6ee298aca888e98d6a", destructured_ast = "f629e63502d787248bf8c241518913b289d0d5ac4a25400703cdfa5e73a922af", inlined_ast = "f629e63502d787248bf8c241518913b289d0d5ac4a25400703cdfa5e73a922af", dce_ast = "0b87bdf5eb3b51e74f8a3e4372f4da78f62dca542f244f36c5fb2419ee194605", bytecode = """
program test.aleo;

struct Foo:
    a as u128;
    b as u128;

function main:
    input r0 as i8.private;
    input r1 as i16.private;
    input r2 as i32.private;
    input r3 as i64.private;
    input r4 as u8.private;
    input r5 as u16.private;
    input r6 as u32.private;
    input r7 as u64.private;
    hash.psd8 aleo10qerras5799u6k7rjtc9y3hcwxuykr45qra7x7dp6jgnc0923czqm0lgta into r8 as i32;
    output r8 as i32.private;
""", errors = "", warnings = "" }] }]]
