namespace = "Compile"
expectation = "Pass"
outputs = [[{ compile = [{ initial_ast = "127255a3073f38401e6dd2747da420529765cb6056b842f67b5d24445b09a69e", unrolled_ast = "d4333ec99fb26519acff9f4a97285c8d20fbf7c10cf60ca4fbcf709e56abf45d", ssa_ast = "2a395a744d87e77bb9fe903002488045ad01e355d0e91ce912ab121e99e857c6", flattened_ast = "9834fb362b2575cbcf8cf5caf46f582af158ec519ed20860a9a14186a03889c6", destructured_ast = "cbbb532353df3b41fff9817eac569e2972d27db7d9439e77b37b648caee4af53", inlined_ast = "cbbb532353df3b41fff9817eac569e2972d27db7d9439e77b37b648caee4af53", dce_ast = "7db8262bb7f329c52a6d47aeea925aa666975df5875c1770830979d000e9114f", bytecode = """
program test.aleo;

struct Foo:
    a as u128;
    b as u128;

function main:
    input r0 as i8.private;
    input r1 as i16.private;
    input r2 as i32.private;
    input r3 as i64.private;
    input r4 as u8.private;
    input r5 as u16.private;
    input r6 as u32.private;
    input r7 as u64.private;
    hash.bhp256 aleo10qerras5799u6k7rjtc9y3hcwxuykr45qra7x7dp6jgnc0923czqm0lgta into r8 as u16;
    output r8 as u16.private;
""", errors = "", warnings = "" }] }]]
