namespace = "Compile"
expectation = "Pass"
outputs = [[{ compile = [{ initial_ast = "809e522a97319e26936730436d965cafd891d81f25cb06d55a64d162a3150af4", unrolled_ast = "76ed86f1115ac2bf9feb323b1d88f2ac9a069da3661c415f4e3c10bb774ed054", ssa_ast = "d3133c9a5d4c78c7a0da0438ed2f5da8fdf3c330c4cbd6d11ca0e0e3a0a6689b", flattened_ast = "16d4671f8de320c23432fe3fc849f034d0e77f610a39dda03344b32967f0aa74", destructured_ast = "3b520cdf33bd4bff0252fc674bf3280f9b7016f9573848432814bddfd961c301", inlined_ast = "3b520cdf33bd4bff0252fc674bf3280f9b7016f9573848432814bddfd961c301", dce_ast = "9ea5407134f7c7f25cf68b3ced2a53629eb0b12c38dd0d3ee47dd8d123bf221d", bytecode = """
program test.aleo;

struct Foo:
    a as u128;
    b as u128;

function main:
    input r0 as i8.private;
    input r1 as i16.private;
    input r2 as i32.private;
    input r3 as i64.private;
    input r4 as u8.private;
    input r5 as u16.private;
    input r6 as u32.private;
    input r7 as u64.private;
    hash.bhp512 aleo10qerras5799u6k7rjtc9y3hcwxuykr45qra7x7dp6jgnc0923czqm0lgta into r8 as u8;
    output r8 as u8.private;
""", errors = "", warnings = "" }] }]]
