namespace = "Compile"
expectation = "Pass"
outputs = [[{ compile = [{ initial_ast = "97b71cec08c5c1f7e92de47bd251eaac3d28a993b5fa40c7aeb136149b62089e", unrolled_ast = "e74af810bd39f3a1276433ab1a1bae4a4f93c0747ce2611073b6e1dc32af113a", ssa_ast = "e6bb2c30e47cf99ee7f1910f01bf4749dd1e33412a84b437fdbee3108fe86391", flattened_ast = "b06ba79a7ea3c61385b10cb5a49221f95035776bb7548262f82ca9e493280a9e", destructured_ast = "36e03d672c5addd86a47b8fa7daf591015178c45c524b40a3d624defb33f7a56", inlined_ast = "36e03d672c5addd86a47b8fa7daf591015178c45c524b40a3d624defb33f7a56", dce_ast = "25ead305dfcc913b5d3d6f1e9f862b9b7daf95f769f4319d599ae092dd13a732", bytecode = """
program test.aleo;

struct Foo:
    a as u128;
    b as u128;

function main:
    input r0 as i8.private;
    input r1 as i16.private;
    input r2 as i32.private;
    input r3 as i64.private;
    input r4 as u8.private;
    input r5 as u16.private;
    input r6 as u32.private;
    input r7 as u64.private;
    hash.psd4 aleo10qerras5799u6k7rjtc9y3hcwxuykr45qra7x7dp6jgnc0923czqm0lgta into r8 as u8;
    output r8 as u8.private;
""", errors = "", warnings = "" }] }]]
