namespace = "ParseExpression"
expectation = "Fail"
outputs = [
    """
did not consume all input: '<=' @ 1:12-14
'3' @ 1:15-16
'u8' @ 1:16-18
""",
    """
did not consume all input: '<=' @ 1:12-14
'3' @ 1:15-16
'u8' @ 1:16-18
""",
    """
did not consume all input: '<=' @ 1:24-26
'5' @ 1:27-28
'u8' @ 1:28-30
'+' @ 1:31-32
'6' @ 1:33-34
'u8' @ 1:34-36
""",
]
