namespace = "Parse"
expectation = "Fail"
outputs = ["""
Error [EPAR0370044]: Identifier S012345678901234567890123456789q is too long (32 bytes; maximum is 31)
    --> test:19:12
     |
  19 |     struct S012345678901234567890123456789q {
     |            ^^^^^^^^^^^^^^^^^^^^^^^^^^^^^^^^
Error [EPAR0370044]: Identifier m012345678901234567890123456789q is too long (32 bytes; maximum is 31)
    --> test:20:9
     |
  20 |         m012345678901234567890123456789q: u8,
     |         ^^^^^^^^^^^^^^^^^^^^^^^^^^^^^^^^
Error [EPAR0370044]: Identifier x012345678901234567890123456789q is too long (32 bytes; maximum is 31)
    --> test:23:14
     |
  23 |     function x012345678901234567890123456789q(y012345678901234567890123456789q: u8) -> u8 {
     |              ^^^^^^^^^^^^^^^^^^^^^^^^^^^^^^^^
Error [EPAR0370044]: Identifier y012345678901234567890123456789q is too long (32 bytes; maximum is 31)
    --> test:23:47
     |
  23 |     function x012345678901234567890123456789q(y012345678901234567890123456789q: u8) -> u8 {
     |                                               ^^^^^^^^^^^^^^^^^^^^^^^^^^^^^^^^"""]
